// Jest Snapshot v1, https://goo.gl/fbAQLP

exports[`rehypeSanitize handles DOM purify test cases as expected: rehype-sanitize-dom-purify-examples 1`] = `
"









<p>123I am a dolphin!</p>
<p>123I am a dolphin too!</p>
<p>123CLICKCLICKCLICKCLICKCLICKCLICKCLICKCLICKCLICKCLICKCLICKCLICKCLICKCLICKCLICKCLICKCLICKCLICKCLICK</p>




<p>123456</p>




















<p></p>























































<p>&#x3C;![>&#x3C;img src=\\"]>&#x3C;img src=x onerror=alert(39)//\\"></p>































































<p><em>{color:gre/<strong>/en !/</strong>/important} /</em> IE 6-9 Standards mode */</p>

<p><em>{background:url(xx //**/
ed/</em>)} /<em> IE 6-7 Standards mode </em>/</p>











<p>#x{font-family:foo[bar;color:green;}</p>
<p>#y];color:red;{}</p>
























<p>alert(2)</p>

<p>XXX</p>

<p>-->{}
*{color:red}//[\\"'\`-->]]>]</p>


























<p>a&#x3C;/noscript>&#x3C;/desc>&#x3C;s>&#x3C;/s>&#x3C;style>&#x3C;a title=\\"&#x3C;/style>&#x3C;img src onerror=alert(1)>\\"></p>



"
`;
